[2026-08-08T02:28:48.982Z] GET https://jpfraanco.github.io/jp-franco-cv/ → 200 (184ms, 18307B)
[2026-08-08T02:28:49.173Z] GET https://fonts.googleapis.com/css2?family=Plus+Jakarta+Sans:ital,wght@0,400;0,500;0,600;0,700;0,800;1,700;1,800&display=swap → 200 (148ms, 1181B)
[2026-08-08T02:28:49.180Z] GET https://jpfraanco.github.io/jp-franco-cv/foto.jpg → pending (?ms, ?B)
[2026-08-08T02:28:49.180Z] GET https://jpfraanco.github.io/jp-franco-cv/img/unflat.jpg → pending (?ms, ?B)
[2026-08-08T02:28:49.180Z] GET https://jpfraanco.github.io/jp-franco-cv/img/vitulo.jpg → pending (?ms, ?B)
[2026-08-08T02:28:49.180Z] GET https://jpfraanco.github.io/jp-franco-cv/img/loreal.jpg → 200 (143ms, ?B)
[2026-08-08T02:28:49.180Z] GET https://jpfraanco.github.io/jp-franco-cv/img/splitmenu.jpg → pending (?ms, ?B)
[2026-08-08T02:28:49.180Z] GET https://unflat.studio/images/poster_otimizado.jpg → 200 (47ms, 628304B)
[2026-08-08T02:28:49.180Z] GET https://unflat.studio/images/2025-11-itau1.webp → 200 (85ms, 55013B)
[2026-08-08T02:28:49.180Z] GET https://unflat.studio/images/2025-11-merz3-1.jpg → 200 (81ms, 122371B)
[2026-08-08T02:28:49.181Z] GET https://unflat.studio/images/nubank/thumb_nubank.jpg → 200 (75ms, 145105B)
[2026-08-08T02:28:49.181Z] GET https://unflat.studio/images/2025-11-foto1.webp → 200 (87ms, 17740B)
[2026-08-08T02:28:49.183Z] GET https://bora.id/assets/video/bora_LOOP_4k_exact.mp4 → 206 (45ms, 861614B)
[2026-08-08T02:28:49.488Z] GET https://fonts.gstatic.com/s/plusjakartasans/v12/LDIoaomQNQcsA88c7O9yZ4KMCoOg4Ko20yw.woff2 → 200 (117ms, 27889B)
[2026-08-08T02:28:49.488Z] GET https://fonts.gstatic.com/s/plusjakartasans/v12/LDIuaomQNQcsA88c7O9yZ4KMCoOg4Koz4y6qhA.woff2 → 200 (124ms, 29726B)
[2026-08-08T02:28:51.921Z] GET https://www.youtube-nocookie.com/embed/AEPPrW_r4hk?rel=0 → 200 (393ms, 57987B)
[2026-08-08T02:28:52.324Z] GET https://www.youtube-nocookie.com/s/player/854a788e/www-player.css → 200 (16ms, ?B)
[2026-08-08T02:28:52.324Z] GET https://www.youtube-nocookie.com/s/_/ytembeds/_/ss/k=ytembeds.base.my14d5_lfNw.L.W.O/am=AAAAgA/d=1/br=1/rs=AGKMywH_pWyVGamCGM3tQ8k9jxVwvCxuvA/m=root,base → 200 (21ms, 409B)
[2026-08-08T02:28:52.325Z] GET https://www.youtube-nocookie.com/s/_/ytembeds/_/js/k=ytembeds.base.en_US.ojJ3c4GiNNM.es5.O/am=AAAAgA/d=1/excm=base,root/br=1/rs=AGKMywF-mR7LDi_Z6MNgPxvbdS7SefSiCw/m=root,base → pending (?ms, ?B)
[2026-08-08T02:28:52.325Z] GET https://www.youtube-nocookie.com/s/player/854a788e/player_embed.vflset/pt_BR/base.js → pending (?ms, ?B)
[2026-08-08T02:28:52.326Z] GET https://fonts.gstatic.com/s/roboto/v48/KFO7CnqEu92Fr1ME7kSn66aGLdTylUAMa3yUBA.woff2 → pending (?ms, ?B)
[2026-08-08T02:28:52.463Z] GET https://www.youtube-nocookie.com/s/_/ytembeds/_/js/k=ytembeds.base.en_US.ojJ3c4GiNNM.es5.O/ck=ytembeds.base.my14d5_lfNw.L.W.O/am=AAAAgA/d=1/exm=base,root/excm=base,root/ed=1/br=1/rs=AGKMywESDb3WMqlo5QI0B0XBkKpUi7Fpbw/m=r78Drb → 200 (76ms, 260581B)
[2026-08-08T02:28:52.659Z] GET https://i.ytimg.com/vi/AEPPrW_r4hk/maxresdefault.jpg?sqp=-oaymwEmCIAKENAF8quKqQMa8AEB-AH-CYAC0AWKAgwIABABGFMgTihlMA8=&rs=AOn4CLDGjRQDZ-qQDRcx1vlyzs62-Ns6Jg → 200 (495ms, 76524B)
[2026-08-08T02:28:52.673Z] GET https://yt3.ggpht.com/ytc/AIdro_mh3A5tEa4u-WttIPDOM760mrSj7taNI7Jj2dWVmXGQgG4=s68-c-k-c0x00ffffff-no-rj → 200 (158ms, 3743B)
[2026-08-08T02:28:52.677Z] GET https://www.gstatic.com/youtube/img/icons/mweb/youtube_fill/logo/v2/67px.svg → 200 (111ms, 732B)
[2026-08-08T02:28:52.981Z] GET https://www.google.com/js/th/fU31aDjwG5LnoCPMAjFC80TvW154TRquiYFtZDCu2ZM.js → 200 (118ms, 25290B)
[2026-08-08T02:28:53.237Z] GET https://www.youtube-nocookie.com/generate_204?XN-tGQ → 204 (14ms, 10B)
[2026-08-08T02:28:53.300Z] POST https://jnn-pa.googleapis.com/$rpc/google.internal.waa.v1.Waa/GenerateIT → pending (?ms, ?B)
[2026-08-08T02:28:55.555Z] POST https://www.youtube-nocookie.com/youtubei/v1/log_event?alt=json → 200 (72ms, 50B)
[2026-08-08T02:29:52.425Z] POST https://www.youtube-nocookie.com/youtubei/v1/log_event?alt=json → 200 (172ms, 50B)
